
[7m[1m[36m RUN [39m[22m[27m [36mv1.6.1[39m [90mC:/Users/risha/OneDrive/Documents/GitHub/Wealth-Vault/frontend[39m

 [33m❯[39m src/tests/App.test.tsx [2m ([22m[2m0 test[22m[2m)[22m

node.exe : 
[31m⎯⎯⎯⎯⎯⎯[1m[7m 
Failed Suites 1 
[27m[22m⎯⎯⎯⎯⎯⎯⎯[39m
At line:1 char:1
+ & "C:\Program 
Files\nodejs/node.exe" 
"C:\Program 
Files\nodejs/node_mo ...
+ ~~~~~~~~~~~~~~~~~~~~~~~~
~~~~~~~~~~~~~~~~~~~~~~~~~~
~~~~~~~~~~~~~~~~~~~
    + CategoryInfo        
      : NotSpecified: (  
  [31m⎯⎯⎯⎯⎯⎯[1m...22m⎯   
 ⎯⎯⎯⎯⎯⎯[39m:String) [    
], RemoteException
    + FullyQualifiedError 
   Id : NativeCommandErr  
  or
 

[31m[1m[7m FAIL 
[27m[22m[39m 
src/tests/App.test.tsx 
[2m[ 
src/tests/App.test.tsx 
][22m
[31m[1mReferenceError[2
2m: vaultAPI is not 
defined[39m
[36m [2m❯[22m src/servi
ces/api.ts:[2m1360:11[22
m[39m
    [90m1358| [39m  
investments[33m:[39m 
investmentsAPI[33m,[39m
    [90m1359| [39m  
health[33m:[39m 
healthAPI[33m,[39m
    [90m1360| [39m  
vaults[33m:[39m 
vaultAPI[33m,[39m
    [90m   | [39m       
   [31m^[39m
    [90m1361| 
[39m}[33m;[39m
    [90m1362| [39m
[90m [2m❯[22m src/hooks
/useAuth.ts:[2m2:31[22m
[39m

[31m[2m⎯⎯⎯⎯⎯⎯⎯⎯⎯⎯⎯⎯⎯⎯⎯⎯⎯
⎯⎯⎯⎯⎯⎯⎯[1/1]⎯[22m[39m

[2m Test Files [22m [1m[31m1 failed[39m[22m[90m (1)[39m
[2m      Tests [22m [2mno tests[22m
[2m   Start at [22m 21:55:50
[2m   Duration [22m 1.60s[2m (transform 93ms, setup 96ms, collect 0ms, tests 0ms, environment 591ms, prepare 113ms)[22m

